../Core/Src/main.c:77:6:m1_start	8	static
../Core/Src/main.c:81:6:m1_stop	8	static
../Core/Src/main.c:84:6:m2_start	8	static
../Core/Src/main.c:88:6:m2_stop	8	static
../Core/Src/main.c:92:7:readTemperature	16	static
../Core/Src/main.c:103:6:m1_rotate	24	static
../Core/Src/main.c:118:6:m2_rotate	24	static
../Core/Src/main.c:132:6:izbaciEpruvetu	24	static
../Core/Src/main.c:161:5:main	16	static
../Core/Src/main.c:220:6:SystemClock_Config	88	static
../Core/Src/main.c:264:13:MX_ADC1_Init	24	static
../Core/Src/main.c:311:13:MX_GPIO_Init	40	static
../Core/Src/main.c:354:6:Error_Handler	4	static,ignoring_inline_asm
